// Jest Snapshot v1, https://goo.gl/fbAQLP

exports[`BlogTemplate renders correctly 1`] = `null`;
