// Jest Snapshot v1, https://goo.gl/fbAQLP

exports[`PageTemplate renders correctly 1`] = `
<div>
  <div>
    <div>
      <div>
        <a
          href="/blog"
        />
        <div>
          <h2>
            <a
              href="/blog"
            >
              John Doe
            </a>
          </h2>
        </div>
        <p>
          Pellentesque odio nisi, euismod in, pharetra a, ultricies in, diam. Sed arcu.
        </p>
      </div>
      <nav>
        <ul>
          <li>
            <a
              href="/"
            >
              Articles
            </a>
          </li>
          <li>
            <a
              href="/pages/about"
            >
              About Me
            </a>
          </li>
          <li>
            <a
              href="/pages/contacts"
            >
              Contact Me
            </a>
          </li>
        </ul>
      </nav>
      <div>
        <ul>
          <li>
            <a
              href="#"
              rel="noopener noreferrer"
              target="_blank"
            >
              <svg
                viewBox="0 0 22 28"
              >
                <title>
                  rss
                </title>
                <path
                  d="M6 21c0 1.656-1.344 3-3 3s-3-1.344-3-3 1.344-3 3-3 3 1.344 3 3zM14 22.922c0.016 0.281-0.078 0.547-0.266 0.75-0.187 0.219-0.453 0.328-0.734 0.328h-2.109c-0.516 0-0.938-0.391-0.984-0.906-0.453-4.766-4.234-8.547-9-9-0.516-0.047-0.906-0.469-0.906-0.984v-2.109c0-0.281 0.109-0.547 0.328-0.734 0.172-0.172 0.422-0.266 0.672-0.266h0.078c3.328 0.266 6.469 1.719 8.828 4.094 2.375 2.359 3.828 5.5 4.094 8.828zM22 22.953c0.016 0.266-0.078 0.531-0.281 0.734-0.187 0.203-0.438 0.313-0.719 0.313h-2.234c-0.531 0-0.969-0.406-1-0.938-0.516-9.078-7.75-16.312-16.828-16.844-0.531-0.031-0.938-0.469-0.938-0.984v-2.234c0-0.281 0.109-0.531 0.313-0.719 0.187-0.187 0.438-0.281 0.688-0.281h0.047c5.469 0.281 10.609 2.578 14.484 6.469 3.891 3.875 6.188 9.016 6.469 14.484z"
                />
              </svg>
            </a>
          </li>
          <li>
            <span
              onClick={[Function]}
            >
              <svg
                viewBox="0 0 29 30"
              >
                <title>
                  email
                </title>
                <path
                  d="M26 23.5v-12c-0.328 0.375-0.688 0.719-1.078 1.031-2.234 1.719-4.484 3.469-6.656 5.281-1.172 0.984-2.625 2.188-4.25 2.188h-0.031c-1.625 0-3.078-1.203-4.25-2.188-2.172-1.813-4.422-3.563-6.656-5.281-0.391-0.313-0.75-0.656-1.078-1.031v12c0 0.266 0.234 0.5 0.5 0.5h23c0.266 0 0.5-0.234 0.5-0.5zM26 7.078c0-0.391 0.094-1.078-0.5-1.078h-23c-0.266 0-0.5 0.234-0.5 0.5 0 1.781 0.891 3.328 2.297 4.438 2.094 1.641 4.188 3.297 6.266 4.953 0.828 0.672 2.328 2.109 3.422 2.109h0.031c1.094 0 2.594-1.437 3.422-2.109 2.078-1.656 4.172-3.313 6.266-4.953 1.016-0.797 2.297-2.531 2.297-3.859zM28 6.5v17c0 1.375-1.125 2.5-2.5 2.5h-23c-1.375 0-2.5-1.125-2.5-2.5v-17c0-1.375 1.125-2.5 2.5-2.5h23c1.375 0 2.5 1.125 2.5 2.5z"
                />
              </svg>
            </span>
          </li>
          <li>
            <a
              href="https://github.com/#"
              rel="noopener noreferrer"
              target="_blank"
            >
              <svg
                viewBox="0 0 24 24"
              >
                <title>
                  github
                </title>
                <path
                  d="M12 0c-6.626 0-12 5.373-12 12 0 5.302 3.438 9.8 8.207 11.387.599.111.793-.261.793-.577v-2.234c-3.338.726-4.033-1.416-4.033-1.416-.546-1.387-1.333-1.756-1.333-1.756-1.089-.745.083-.729.083-.729 1.205.084 1.839 1.237 1.839 1.237 1.07 1.834 2.807 1.304 3.492.997.107-.775.418-1.305.762-1.604-2.665-.305-5.467-1.334-5.467-5.931 0-1.311.469-2.381 1.236-3.221-.124-.303-.535-1.524.117-3.176 0 0 1.008-.322 3.301 1.23.957-.266 1.983-.399 3.003-.404 1.02.005 2.047.138 3.006.404 2.291-1.552 3.297-1.23 3.297-1.23.653 1.653.242 2.874.118 3.176.77.84 1.235 1.911 1.235 3.221 0 4.609-2.807 5.624-5.479 5.921.43.372.823 1.102.823 2.222v3.293c0 .319.192.694.801.576 4.765-1.589 8.199-6.086 8.199-11.386 0-6.627-5.373-12-12-12z"
                />
              </svg>
            </a>
          </li>
          <li>
            <a
              href="https://www.twitter.com/#"
              rel="noopener noreferrer"
              target="_blank"
            >
              <svg
                viewBox="0 0 24 24"
              >
                <title>
                  twitter
                </title>
                <path
                  d="M24 4.557c-.883.392-1.832.656-2.828.775 1.017-.609 1.798-1.574 2.165-2.724-.951.564-2.005.974-3.127 1.195-.897-.957-2.178-1.555-3.594-1.555-3.179 0-5.515 2.966-4.797 6.045-4.091-.205-7.719-2.165-10.148-5.144-1.29 2.213-.669 5.108 1.523 6.574-.806-.026-1.566-.247-2.229-.616-.054 2.281 1.581 4.415 3.949 4.89-.693.188-1.452.232-2.224.084.626 1.956 2.444 3.379 4.6 3.419-2.07 1.623-4.678 2.348-7.29 2.04 2.179 1.397 4.768 2.212 7.548 2.212 9.142 0 14.307-7.721 13.995-14.646.962-.695 1.797-1.562 2.457-2.549z"
                />
              </svg>
            </a>
          </li>
          <li>
            <a
              href="https://t.me/#"
              rel="noopener noreferrer"
              target="_blank"
            >
              <svg
                viewBox="0 0 28 28"
              >
                <title>
                  telegram
                </title>
                <path
                  d="M27.563 0.172c0.328 0.234 0.484 0.609 0.422 1l-4 24c-0.047 0.297-0.234 0.547-0.5 0.703-0.141 0.078-0.313 0.125-0.484 0.125-0.125 0-0.25-0.031-0.375-0.078l-7.078-2.891-3.781 4.609c-0.187 0.234-0.469 0.359-0.766 0.359-0.109 0-0.234-0.016-0.344-0.063-0.391-0.141-0.656-0.516-0.656-0.938v-5.453l13.5-16.547-16.703 14.453-6.172-2.531c-0.359-0.141-0.594-0.469-0.625-0.859-0.016-0.375 0.172-0.734 0.5-0.922l26-15c0.156-0.094 0.328-0.141 0.5-0.141 0.203 0 0.406 0.063 0.562 0.172z"
                />
              </svg>
            </a>
          </li>
        </ul>
      </div>
    </div>
  </div>
  <div>
    <div>
      <h1>
        Perfecting the Art of Perfection
      </h1>
      <div>
        <div
          dangerouslySetInnerHTML={
            {
              "__html": "<p>An Essay on Typography by Eric Gill takes the reader back to the year 1930. The year when a conflict between two worlds came to its term. The machines of the industrial world finally took over the handicrafts.</p>",
            }
          }
        />
      </div>
    </div>
  </div>
</div>
`;
