// Jest Snapshot v1, https://goo.gl/fbAQLP

exports[`Meta renders correctly 1`] = `
<div>
  <p>
    Sep 1, 2016
  </p>
  <span>
    â€”
  </span>
  <p>
     min read
  </p>
</div>
`;
