// Jest Snapshot v1, https://goo.gl/fbAQLP

exports[`Author renders correctly 1`] = `
<div>
  <div>
    <div>
      <strong>
        John Doe
      </strong>
      <div>
        <p>
          Invalid Date
        </p>
        <span>
          â€”
        </span>
        <p>
           min read
        </p>
      </div>
    </div>
  </div>
</div>
`;
